[ncg.macmar.co/index.html]
[backblue.gif]
[fade.gif]
[index.html]
[ncg.macmar.co/wp-content/themes/astra/assets/css/minified/style.min61da.css]
[ncg.macmar.co/wp-content/themes/astra/assets/fonts/astra.woff]
[ncg.macmar.co/feed/index.html]
[ncg.macmar.co/wp-includes/css/dist/block-library/style.min40df.css]
[ncg.macmar.co/wp-content/plugins/header-footer-elementor/assets/css/header-footer-elementor357c.css]
[ncg.macmar.co/comments/feed/index.html]
[ncg.macmar.co/home/feed/index.html]
[ncg.macmar.co/wp-content/plugins/elementor/assets/lib/eicons/css/elementor-icons.min74e5.css]
[ncg.macmar.co/wp-content/plugins/elementor/assets/lib/animations/animations.minc578.css]
[ncg.macmar.co/wp-content/plugins/elementor/assets/css/frontend-legacy.minc578.css]
[ncg.macmar.co/wp-content/plugins/elementor/assets/css/frontend.minc578.css]
[ncg.macmar.co/wp-content/uploads/elementor/css/post-11074f9b.css]
[ncg.macmar.co/wp-content/plugins/elementor-pro/assets/css/frontend.min6173.css]
[ncg.macmar.co/wp-content/plugins/elementor/assets/lib/font-awesome/css/all.minc578.css]
[ncg.macmar.co/wp-content/plugins/elementor/assets/lib/font-awesome/css/v4-shims.minc578.css]
[ncg.macmar.co/wp-content/uploads/elementor/css/post-1320f108.css]
[ncg.macmar.co/wp-content/plugins/header-footer-elementor/inc/widgets-css/frontend357c.css]
[ncg.macmar.co/wp-content/uploads/elementor/css/post-1058599f.css]
[ncg.macmar.co/wp-content/plugins/elementor/assets/lib/font-awesome/css/fontawesome.minb683.css]
[ncg.macmar.co/wp-content/plugins/elementor/assets/lib/font-awesome/css/solid.minb683.css]
[ncg.macmar.co/wp-content/plugins/elementor/assets/lib/font-awesome/css/regular.minb683.css]
[ncg.macmar.co/wp-content/plugins/elementor/assets/lib/font-awesome/js/v4-shims.minc578.js]
[ncg.macmar.co/wp-json/index.html]
[ncg.macmar.co/wp-json/wp/v2/pages/1320.json]
[ncg.macmar.co/xmlrpc0db0.php]
[ncg.macmar.co/wp-includes/wlwmanifest.xml]
[ncg.macmar.co/wp-json/oembed/1.0/embed03be.json]
[ncg.macmar.co/wp-json/oembed/1.0/embed0503]
[ncg.macmar.co/wp-content/uploads/2020/12/Logo-125x90.png]
[ncg.macmar.co/wp-content/uploads/elementor/thumbs/Good-Installation-1-scaled-p0jnekp3t56shbdvpqo9xzqe1le260w6u18n13izgw.jpg]
[ncg.macmar.co/wp-content/uploads/2020/12/roof-gutter-system-on-log-house-in-forest-PLY9PJF-1-1-1024x683.jpg]
[ncg.macmar.co/wp-content/uploads/2020/12/new-roof-with-gutter-P-1-1024x683.jpg]
[ncg.macmar.co/wp-content/uploads/2020/12/10.jpg]
[ncg.macmar.co/wp-content/uploads/2020/12/7.jpg]
[ncg.macmar.co/about/index.html]
[ncg.macmar.co/wp-content/uploads/2020/12/9.jpg]
[ncg.macmar.co/gutter-guards/index.html]
[ncg.macmar.co/wp-content/uploads/2020/12/1.jpg]
[ncg.macmar.co/gutter-cleaning/index.html]
[ncg.macmar.co/wp-content/uploads/2020/12/Good-installation2-1-scaled.jpg]
[ncg.macmar.co/contact/index.html]
[ncg.macmar.co/wp-content/uploads/2020/12/christmas-lights.mp4]
[ncg.macmar.co/wp-content/uploads/2020/12/IMG_3651.mp4]
[ncg.macmar.co/wp-content/uploads/elementor/css/post-1780345c.css]
[ncg.macmar.co/wp-content/uploads/elementor/css/post-15700614.css]
[ncg.macmar.co/wp-content/themes/astra/assets/js/minified/style.min61da.js]
[ncg.macmar.co/wp-includes/js/wp-embed.min40df.js]
[ncg.macmar.co/wp-includes/js/jquery/jquery.min9d52.js]
[ncg.macmar.co/wp-includes/js/jquery/jquery-migrate.mind617.js]
[ncg.macmar.co/wp-content/plugins/elementor/assets/js/frontend-modules.minc578.js]
[ncg.macmar.co/wp-content/plugins/elementor-pro/assets/lib/sticky/jquery.sticky.min6173.js]
[ncg.macmar.co/wp-content/plugins/elementor-pro/assets/js/frontend.min6173.js]
[ncg.macmar.co/wp-includes/js/jquery/ui/core.min35d0.js]
[ncg.macmar.co/wp-content/plugins/elementor/assets/lib/dialog/dialog.mina288.js]
[ncg.macmar.co/wp-content/plugins/elementor/assets/lib/waypoints/waypoints.min05da.js]
[ncg.macmar.co/wp-content/plugins/elementor/assets/lib/swiper/swiper.min48f5.js]
[ncg.macmar.co/wp-content/plugins/elementor/assets/lib/share-link/share-link.minc578.js]
[ncg.macmar.co/wp-content/plugins/elementor/assets/js/frontend.minc578.js]
[ncg.macmar.co/wp-includes/js/underscore.min4511.js]
[ncg.macmar.co/wp-includes/js/wp-util.min40df.js]
[ncg.macmar.co/wp-content/plugins/wpforms-lite/assets/js/integrations/elementor/frontend.min2745.js]
[ncg.macmar.co/index.html]
[ncg.macmar.co/xmlrpc.php]
[ncg.macmar.co/wp-content/uploads/elementor/css/post-13210427.css]
[ncg.macmar.co/wp-json/wp/v2/pages/1321.json]
[ncg.macmar.co/wp-json/oembed/1.0/embed04cb.json]
[ncg.macmar.co/wp-json/oembed/1.0/embedad96]
[ncg.macmar.co/about/index.html]
[ncg.macmar.co/wp-content/uploads/elementor/thumbs/Good-Installation-1-scaled-p0jnekp9nn8wccvshhx8fh6fsiml0zpp9d3niyzvnk.jpg]
[ncg.macmar.co/wp-content/uploads/elementor/css/post-1446dcd4.css]
[ncg.macmar.co/wp-json/wp/v2/pages/1446.json]
[ncg.macmar.co/wp-json/oembed/1.0/embede388.json]
[ncg.macmar.co/wp-json/oembed/1.0/embed8f01]
[ncg.macmar.co/wp-content/uploads/2020/12/new-roof-with-gutter-P-1-scaled.jpg]
[ncg.macmar.co/wp-content/uploads/elementor/thumbs/Good-Installation-1-scaled-p0jnekp3t5576utvkqde23ecytqaljcvk9upct925c.jpg]
[ncg.macmar.co/gutter-guards/index.html]
[ncg.macmar.co/wp-content/uploads/elementor/css/post-144459fd.css]
[ncg.macmar.co/wp-json/wp/v2/pages/1444.json]
[ncg.macmar.co/wp-json/oembed/1.0/embed9415.json]
[ncg.macmar.co/wp-json/oembed/1.0/embede45f]
[ncg.macmar.co/wp-content/uploads/elementor/thumbs/Good-installation2-1-scaled-p0jndtfsay3vu5xgzwl7js9zqngnebcnsixmfsdh5s.jpg]
[ncg.macmar.co/gutter-cleaning/index.html]
[ncg.macmar.co/wp-content/uploads/elementor/css/post-153851.css]
[ncg.macmar.co/wp-content/plugins/wpforms-lite/assets/css/wpforms-base.min2745.css]
[ncg.macmar.co/wp-content/plugins/elementor/assets/lib/font-awesome/css/brands.minb683.css]
[ncg.macmar.co/wp-json/wp/v2/pages/15.json]
[ncg.macmar.co/wp-json/oembed/1.0/embedf4f3.json]
[ncg.macmar.co/wp-json/oembed/1.0/embed9bad]
[ncg.macmar.co/wp-content/plugins/wpforms-lite/assets/js/jquery.validate.minb3a6.js]
[ncg.macmar.co/wp-content/plugins/wpforms-lite/assets/js/mailcheck.mincfa9.js]
[ncg.macmar.co/contact/index.html]
[ncg.macmar.co/wp-content/plugins/wpforms-lite/assets/js/wpforms2745.js]
[ncg.macmar.co/indexb86d.html]
[ncg.macmar.co/index1fd4.html]
[ncg.macmar.co/indexb8d9.html]
[ncg.macmar.co/indexa1ca.html]
[ncg.macmar.co/wp-content/themes/astra/assets/fonts/astra.woff]
[ncg.macmar.co/wp-content/themes/astra/assets/css/minified/style.min61da.css]
[ncg.macmar.co/wp-content/plugins/elementor/assets/lib/font-awesome/js/v4-shims.minc578.js]
[ncg.macmar.co/wp-json/index.html]
[ncg.macmar.co/wp-includes/css/dist/block-library/style.min40df.css]
[ncg.macmar.co/wp-content/plugins/header-footer-elementor/assets/css/header-footer-elementor357c.css]
[ncg.macmar.co/wp-content/uploads/elementor/thumbs/Good-Installation-1-scaled-p0jnekp3t56shbdvpqo9xzqe1le260w6u18n13izgw.jpg]
[ncg.macmar.co/wp-content/uploads/2020/12/new-roof-with-gutter-P-1-1024x683.jpg]
[ncg.macmar.co/wp-content/uploads/2020/12/roof-gutter-system-on-log-house-in-forest-PLY9PJF-1-1-1024x683.jpg]
[ncg.macmar.co/wp-content/plugins/elementor/assets/lib/eicons/fonts/eiconsc2cd.eot]
[ncg.macmar.co/wp-content/uploads/2020/12/10.jpg]
[ncg.macmar.co/wp-content/uploads/2020/12/7.jpg]
[ncg.macmar.co/wp-content/uploads/2020/12/9.jpg]
[ncg.macmar.co/wp-content/plugins/elementor/assets/lib/eicons/fonts/eiconsc2cd.woff2]
[ncg.macmar.co/wp-content/uploads/2020/12/1.jpg]
[ncg.macmar.co/wp-content/plugins/elementor/assets/lib/eicons/fonts/eiconsc2cd.woff]
[ncg.macmar.co/wp-content/uploads/2020/12/Good-installation2-1-scaled.jpg]
[ncg.macmar.co/wp-content/plugins/elementor/assets/lib/eicons/fonts/eiconsc2cd.ttf]
[ncg.macmar.co/wp-content/themes/astra/assets/js/minified/style.min61da.js]
[ncg.macmar.co/wp-content/plugins/elementor/assets/lib/eicons/fonts/eiconsc2cd.svg]
[ncg.macmar.co/wp-content/plugins/elementor/assets/lib/eicons/css/elementor-icons.min74e5.css]
[ncg.macmar.co/wp-includes/js/wp-embed.min40df.js]
[ncg.macmar.co/wp-content/plugins/elementor/assets/lib/animations/animations.minc578.css]
[ncg.macmar.co/wp-includes/js/jquery/jquery.min9d52.js]
[ncg.macmar.co/wp-includes/js/jquery/jquery-migrate.mind617.js]
[ncg.macmar.co/wp-content/plugins/elementor/assets/css/frontend-legacy.minc578.css]
[ncg.macmar.co/wp-content/plugins/elementor-pro/assets/lib/sticky/jquery.sticky.min6173.js]
[ncg.macmar.co/wp-content/plugins/elementor/assets/css/frontend.minc578.css]
[ncg.macmar.co/wp-content/plugins/elementor/assets/js/frontend-modules.minc578.js]
[ncg.macmar.co/wp-content/plugins/elementor/assets/lib/dialog/dialog.mina288.js]
[ncg.macmar.co/wp-content/uploads/elementor/css/post-11074f9b.css]
[ncg.macmar.co/wp-includes/js/jquery/ui/core.min35d0.js]
[ncg.macmar.co/wp-content/plugins/elementor/assets/lib/waypoints/waypoints.min05da.js]
[ncg.macmar.co/wp-content/plugins/elementor-pro/assets/css/frontend.min6173.css]
[ncg.macmar.co/wp-content/plugins/elementor-pro/assets/js/frontend.min6173.js]
[ncg.macmar.co/wp-content/plugins/elementor/assets/lib/share-link/share-link.minc578.js]
[ncg.macmar.co/wp-includes/js/underscore.min4511.js]
[ncg.macmar.co/wp-content/plugins/elementor/assets/lib/font-awesome/webfonts/fa-brands-400.eot]
[ncg.macmar.co/wp-includes/js/wp-util.min40df.js]
[ncg.macmar.co/wp-content/plugins/elementor/assets/lib/font-awesome/webfonts/fa-brands-400.woff2]
[ncg.macmar.co/wp-content/plugins/elementor/assets/js/frontend.minc578.js]
[ncg.macmar.co/wp-content/plugins/wpforms-lite/assets/js/integrations/elementor/frontend.min2745.js]
[ncg.macmar.co/wp-content/plugins/elementor/assets/lib/font-awesome/webfonts/fa-brands-400.woff]
[ncg.macmar.co/wp-content/plugins/elementor/assets/lib/swiper/swiper.min48f5.js]
[ncg.macmar.co/wp-content/uploads/elementor/thumbs/Good-Installation-1-scaled-p0jnekp9nn8wccvshhx8fh6fsiml0zpp9d3niyzvnk.jpg]
[ncg.macmar.co/wp-content/plugins/elementor/assets/lib/font-awesome/webfonts/fa-regular-400d41d.eot]
[ncg.macmar.co/wp-content/plugins/elementor/assets/lib/font-awesome/webfonts/fa-regular-400.woff2]
[ncg.macmar.co/wp-content/uploads/2020/12/new-roof-with-gutter-P-1-scaled.jpg]
[ncg.macmar.co/wp-content/plugins/elementor/assets/lib/font-awesome/webfonts/fa-regular-400.ttf]
[ncg.macmar.co/wp-content/uploads/elementor/thumbs/Good-Installation-1-scaled-p0jnekp3t5576utvkqde23ecytqaljcvk9upct925c.jpg]
[ncg.macmar.co/wp-content/uploads/elementor/thumbs/Good-installation2-1-scaled-p0jndtfsay3vu5xgzwl7js9zqngnebcnsixmfsdh5s.jpg]
[ncg.macmar.co/wp-content/plugins/wpforms-lite/assets/js/jquery.validate.minb3a6.js]
[ncg.macmar.co/wp-content/plugins/wpforms-lite/assets/js/mailcheck.mincfa9.js]
[ncg.macmar.co/wp-content/plugins/wpforms-lite/assets/js/wpforms2745.js]
[ncg.macmar.co/wp-content/plugins/elementor/assets/lib/eicons/fonts/eiconsc2cd.woff]
[ncg.macmar.co/wp-content/plugins/elementor/assets/lib/font-awesome/webfonts/fa-solid-900.eot]
[ncg.macmar.co/wp-content/plugins/elementor/assets/lib/font-awesome/webfonts/fa-regular-400.svg]
[ncg.macmar.co/wp-content/plugins/elementor/assets/lib/font-awesome/webfonts/fa-brands-400.woff2]
[ncg.macmar.co/wp-content/plugins/elementor/assets/lib/font-awesome/webfonts/fa-brands-400d41d.eot]
[ncg.macmar.co/wp-content/plugins/elementor/assets/lib/eicons/fonts/eiconsc2cd.ttf]
[ncg.macmar.co/wp-content/plugins/elementor/assets/lib/font-awesome/webfonts/fa-solid-900.woff2]
[ncg.macmar.co/wp-content/plugins/elementor/assets/lib/font-awesome/webfonts/fa-brands-400.woff]
[ncg.macmar.co/wp-content/plugins/elementor/assets/lib/font-awesome/webfonts/fa-solid-900.woff]
[ncg.macmar.co/wp-content/plugins/elementor/assets/lib/font-awesome/webfonts/fa-solid-900.ttf]
[ncg.macmar.co/wp-content/plugins/elementor/assets/lib/font-awesome/css/all.minc578.css]
[ncg.macmar.co/wp-content/plugins/elementor/assets/lib/font-awesome/webfonts/fa-regular-400.woff2]
[ncg.macmar.co/wp-content/plugins/elementor/assets/lib/font-awesome/webfonts/fa-regular-400.ttf]
[ncg.macmar.co/wp-content/plugins/elementor/assets/lib/font-awesome/css/v4-shims.minc578.css]
[ncg.macmar.co/wp-content/plugins/elementor/assets/lib/font-awesome/webfonts/fa-solid-900.svg]
[ncg.macmar.co/wp-content/plugins/elementor/assets/lib/font-awesome/webfonts/fa-solid-900.woff2]
[ncg.macmar.co/wp-content/plugins/elementor/assets/lib/font-awesome/webfonts/fa-solid-900d41d.eot]
[ncg.macmar.co/wp-content/plugins/elementor/assets/lib/font-awesome/webfonts/fa-solid-900.woff]
[ncg.macmar.co/wp-content/uploads/2020/12/Good-Installation-1-scaled.jpg]
[ncg.macmar.co/wp-content/uploads/2020/07/green-leaf.jpg]
[ncg.macmar.co/wp-content/uploads/2020/07/green-leaf.jpg]
[ncg.macmar.co/wp-content/uploads/2019/11/lawn.jpg]
[ncg.macmar.co/wp-content/uploads/2020/07/video-bg-1.jpg]
[ncg.macmar.co/wp-content/uploads/2020/07/video-bg-1.jpg]
[ncg.macmar.co/wp-content/uploads/2020/07/video-bg-2.jpg]
[ncg.macmar.co/wp-content/uploads/2020/07/video-bg-2.jpg]
[ncg.macmar.co/wp-content/uploads/2019/11/gardening-tools.jpg]
[ncg.macmar.co/wp-content/uploads/elementor/css/post-1320f108.css]
[ncg.macmar.co/wp-content/plugins/header-footer-elementor/inc/widgets-css/frontend357c.css]
[ncg.macmar.co/wp-content/uploads/elementor/css/post-1058599f.css]
[ncg.macmar.co/wp-content/plugins/elementor/assets/lib/font-awesome/css/fontawesome.minb683.css]
[ncg.macmar.co/wp-content/plugins/elementor/assets/lib/font-awesome/css/solid.minb683.css]
[ncg.macmar.co/wp-content/plugins/elementor/assets/lib/font-awesome/css/regular.minb683.css]
[ncg.macmar.co/xmlrpc.php]
[ncg.macmar.co/wp-content/uploads/2020/12/christmas-lights.mp4]
[ncg.macmar.co/wp-content/uploads/elementor/css/post-1780345c.css]
[ncg.macmar.co/wp-content/uploads/elementor/css/post-15700614.css]
[ncg.macmar.co/wp-content/uploads/elementor/css/post-13210427.css]
[ncg.macmar.co/indexb86d.html]
[ncg.macmar.co/wp-content/uploads/2020/07/cta-bg.jpg]
[ncg.macmar.co/wp-content/uploads/2020/07/gardening-tools.jpg]
[ncg.macmar.co/wp-content/uploads/elementor/css/post-1446dcd4.css]
[ncg.macmar.co/index1fd4.html]
[ncg.macmar.co/wp-content/uploads/2020/12/roof_and_gutters_cleaning_19921-1-scaled.jpg]
[ncg.macmar.co/wp-content/uploads/elementor/css/post-144459fd.css]
[ncg.macmar.co/indexb8d9.html]
[ncg.macmar.co/wp-content/uploads/2020/12/IMG_3598-scaled.jpg]
[ncg.macmar.co/wp-content/uploads/elementor/css/post-153851.css]
[ncg.macmar.co/wp-content/plugins/wpforms-lite/assets/images/times-solid-white.svg]
[ncg.macmar.co/wp-content/plugins/wpforms-lite/assets/css/wpforms-base.min2745.css]
[ncg.macmar.co/wp-content/plugins/elementor/assets/lib/font-awesome/css/brands.minb683.css]
[ncg.macmar.co/indexa1ca.html]
[ncg.macmar.co/wp-content/plugins/elementor/assets/lib/eicons/fonts/eiconsc2cd.svg]
[ncg.macmar.co/wp-content/plugins/elementor/assets/lib/font-awesome/webfonts/fa-brands-400.ttf]
[ncg.macmar.co/wp-content/plugins/elementor/assets/lib/font-awesome/webfonts/fa-brands-400.svg]
[ncg.macmar.co/wp-content/plugins/elementor/assets/lib/font-awesome/webfonts/fa-regular-400.eot]
[ncg.macmar.co/wp-content/plugins/elementor/assets/lib/font-awesome/webfonts/fa-regular-400.woff]
[ncg.macmar.co/wp-content/plugins/elementor/assets/lib/font-awesome/webfonts/fa-regular-400.svg]
[ncg.macmar.co/wp-content/plugins/elementor/assets/lib/font-awesome/webfonts/fa-solid-900.svg]
[ncg.macmar.co/wp-content/plugins/wpforms-lite/assets/images/times-solid-white.svg]
[ncg.macmar.co/wp-content/plugins/elementor/assets/lib/font-awesome/webfonts/fa-brands-400.svg]
